// Jest Snapshot v1, https://goo.gl/fbAQLP

exports[`Tests in <GifGridItem /> should match with the snapshot 1`] = `
<div
  className="card animate__animated animate__jackInTheBox"
>
  <img
    alt="A title"
    src="https://localhost/something.jpg"
  />
  <p>
    A title
  </p>
</div>
`;
